{
    "profile - test": {
        "content": [
            {
                "successful tasks": 21,
                "versions": {
                    "AGAT_CONVERTSPGFF2GTF": {
                        "agat": "v1.4.0"
                    },
                    "AGAT_CONVERTSPGXF2GXF": {
                        "agat": "v1.4.0"
                    },
                    "AGAT_SPADDINTRONS": {
                        "agat": "v1.4.0"
                    },
                    "AGAT_SPEXTRACTSEQUENCES": {
                        "agat": "v1.4.0"
                    },
                    "BRAKER3": {
                        "braker3": "3.0.8",
                        "augustus": "3.5.0",
                        "genemark-etp": 1.02,
                        "prothint": "2.6.0"
                    },
                    "CAT_PROTEIN_FASTAS": {
                        "pigz": "2.3.4"
                    },
                    "EXTRACT_CDNA": {
                        "gffread": "0.12.7"
                    },
                    "EXTRACT_CDS": {
                        "gffread": "0.12.7"
                    },
                    "EXTRACT_PROTEINS": {
                        "gffread": "0.12.7"
                    },
                    "FASTAVALIDATOR": {
                        "py_fasta_validator": 0.6
                    },
                    "FILTER_BY_ORF_SIZE": {
                        "gffread": "0.12.7"
                    },
                    "FINAL_GFF_CHECK": {
                        "genometools": "1.6.5"
                    },
                    "GFF2FASTA_FOR_EGGNOGMAPPER": {
                        "gffread": "0.12.7"
                    },
                    "GT_GFF3": {
                        "genometools": "1.6.5"
                    },
                    "SAVE_MARKED_GFF3": {
                        "pigz": "2.3.4"
                    },
                    "SEQKIT_RMDUP": {
                        "seqkit": "v2.8.0"
                    },
                    "STAR_GENOMEGENERATE": {
                        "star": "2.7.10a",
                        "samtools": 1.18,
                        "gawk": "5.1.0"
                    },
                    "TSEBRA": {
                        "tsebra": "1.1.2.5"
                    },
                    "Workflow": {
                        "plant-food-research-open/genepal": "v0.6.0"
                    }
                },
                "stable paths": [
                    "a_thaliana.cdna.fasta:md5,12b9bef973e488640aec8c04ba3882fe",
                    "a_thaliana.cds.fasta:md5,b81060419355a590560f92aec8536281",
                    "a_thaliana.gt.gff3:md5,528459cf9596523bf66de99d24c37e20",
                    "a_thaliana.pep.fasta:md5,4994c0393ca0245a1c57966d846d101e",
                    "a_thaliana.gff3:md5,30adac1b21d7aaed6ca7fb71ab33f32d",
                    "summary_stats.json:md5,007ba5cf2b7a2fd395a27d9458ca2d2e"
                ],
                "stable names": [
                    "annotations",
                    "annotations/a_thaliana",
                    "annotations/a_thaliana/a_thaliana.cdna.fasta",
                    "annotations/a_thaliana/a_thaliana.cds.fasta",
                    "annotations/a_thaliana/a_thaliana.gt.gff3",
                    "annotations/a_thaliana/a_thaliana.pep.fasta",
                    "etc",
                    "etc/splicing_marked",
                    "etc/splicing_marked/a_thaliana.gff3",
                    "genepal_data",
                    "genepal_data/summary_stats.json",
                    "genepal_report.html",
                    "multiqc_report.html",
                    "pipeline_info"
                ]
            }
        ],
        "meta": {
            "nf-test": "0.9.2",
            "nextflow": "24.04.4"
        },
        "timestamp": "2024-12-11T21:49:09.751422"
    }
}