{
    "short fasta - error - terminate gracefully": {
        "content": [
            {
                "successful tasks": 0,
                "versions": {
                    "Workflow": {
                        "plant-food-research-open/genepal": "v0.6.0"
                    }
                },
                "stable paths": [

                ]
            }
        ],
        "meta": {
            "nf-test": "0.9.0",
            "nextflow": "24.04.4"
        },
        "timestamp": "2024-12-05T16:37:07.37961"
    }
}
